// Jest Snapshot v1, https://goo.gl/fbAQLP

exports[`text stylesheet with a custom config should match snapshot 1`] = `
Object {
  "align-auto": Object {
    "textAlign": "auto",
  },
  "align-center": Object {
    "textAlign": "center",
  },
  "align-justify": Object {
    "textAlign": "justify",
  },
  "align-left": Object {
    "textAlign": "left",
  },
  "align-right": Object {
    "textAlign": "right",
  },
  "color-customColor": Object {
    "color": "#ccc",
  },
  "color-customColor-50": Object {
    "color": "#fff",
  },
  "font-family-italic-customFont-bold": Object {
    "fontFamily": "customFont-Italic-Bold",
  },
  "font-family-italic-customFont-normal": Object {
    "fontFamily": "customFont-Italic",
  },
  "font-family-italic-customFont-thin": Object {
    "fontFamily": "customFont-Italic-Thin",
  },
  "font-family-normal-customFont-bold": Object {
    "fontFamily": "customFont-Bold",
  },
  "font-family-normal-customFont-normal": Object {
    "fontFamily": "customFont",
  },
  "font-family-normal-customFont-thin": Object {
    "fontFamily": "customFont-Thin",
  },
  "line-line-through": Object {
    "textDecorationLine": "line-through",
  },
  "line-none": Object {
    "textDecorationLine": "none",
  },
  "line-underline": Object {
    "textDecorationLine": "underline",
  },
  "line-underline line-through": Object {
    "textDecorationLine": "underline line-through",
  },
  "text-customFontSize": Object {
    "fontSize": 21,
    "letterSpacing": 1.5,
    "lineHeight": 19,
  },
  "transform-capitalize": Object {
    "textTransform": "capitalize",
  },
  "transform-lowercase": Object {
    "textTransform": "lowercase",
  },
  "transform-none": Object {
    "textTransform": "none",
  },
  "transform-uppercase": Object {
    "textTransform": "uppercase",
  },
}
`;

exports[`text stylesheet with default config should match the snapshot 1`] = `
Object {
  "align-auto": Object {
    "textAlign": "auto",
  },
  "align-center": Object {
    "textAlign": "center",
  },
  "align-justify": Object {
    "textAlign": "justify",
  },
  "align-left": Object {
    "textAlign": "left",
  },
  "align-right": Object {
    "textAlign": "right",
  },
  "color-amber": Object {
    "color": "#f59e0b",
  },
  "color-amber-100": Object {
    "color": "#fef3c7",
  },
  "color-amber-200": Object {
    "color": "#fde68a",
  },
  "color-amber-300": Object {
    "color": "#fcd34d",
  },
  "color-amber-400": Object {
    "color": "#fbbf24",
  },
  "color-amber-50": Object {
    "color": "#fffbeb",
  },
  "color-amber-500": Object {
    "color": "#f59e0b",
  },
  "color-amber-600": Object {
    "color": "#d97706",
  },
  "color-amber-700": Object {
    "color": "#b45309",
  },
  "color-amber-800": Object {
    "color": "#92400e",
  },
  "color-amber-900": Object {
    "color": "#78350f",
  },
  "color-black": Object {
    "color": "#000",
  },
  "color-blue": Object {
    "color": "#3b82f6",
  },
  "color-blue-100": Object {
    "color": "#dbeafe",
  },
  "color-blue-200": Object {
    "color": "#bfdbfe",
  },
  "color-blue-300": Object {
    "color": "#93c5fd",
  },
  "color-blue-400": Object {
    "color": "#60a5fa",
  },
  "color-blue-50": Object {
    "color": "#eff6ff",
  },
  "color-blue-500": Object {
    "color": "#3b82f6",
  },
  "color-blue-600": Object {
    "color": "#2563eb",
  },
  "color-blue-700": Object {
    "color": "#1d4ed8",
  },
  "color-blue-800": Object {
    "color": "#1e40af",
  },
  "color-blue-900": Object {
    "color": "#1e3a8a",
  },
  "color-blueGray": Object {
    "color": "#64748b",
  },
  "color-blueGray-100": Object {
    "color": "#f1f5f9",
  },
  "color-blueGray-200": Object {
    "color": "#e2e8f0",
  },
  "color-blueGray-300": Object {
    "color": "#cbd5e1",
  },
  "color-blueGray-400": Object {
    "color": "#94a3b8",
  },
  "color-blueGray-50": Object {
    "color": "#f8fafc",
  },
  "color-blueGray-500": Object {
    "color": "#64748b",
  },
  "color-blueGray-600": Object {
    "color": "#475569",
  },
  "color-blueGray-700": Object {
    "color": "#334155",
  },
  "color-blueGray-800": Object {
    "color": "#1e293b",
  },
  "color-blueGray-900": Object {
    "color": "#0f172a",
  },
  "color-coolGray": Object {
    "color": "#6b7280",
  },
  "color-coolGray-100": Object {
    "color": "#f3f4f6",
  },
  "color-coolGray-200": Object {
    "color": "#e5e7eb",
  },
  "color-coolGray-300": Object {
    "color": "#d1d5db",
  },
  "color-coolGray-400": Object {
    "color": "#9ca3af",
  },
  "color-coolGray-50": Object {
    "color": "#f9fafb",
  },
  "color-coolGray-500": Object {
    "color": "#6b7280",
  },
  "color-coolGray-600": Object {
    "color": "#4b5563",
  },
  "color-coolGray-700": Object {
    "color": "#374151",
  },
  "color-coolGray-800": Object {
    "color": "#1f2937",
  },
  "color-coolGray-900": Object {
    "color": "#111827",
  },
  "color-cyan": Object {
    "color": "#06b6d4",
  },
  "color-cyan-100": Object {
    "color": "#cffafe",
  },
  "color-cyan-200": Object {
    "color": "#a5f3fc",
  },
  "color-cyan-300": Object {
    "color": "#67e8f9",
  },
  "color-cyan-400": Object {
    "color": "#22d3ee",
  },
  "color-cyan-50": Object {
    "color": "#ecfeff",
  },
  "color-cyan-500": Object {
    "color": "#06b6d4",
  },
  "color-cyan-600": Object {
    "color": "#0891b2",
  },
  "color-cyan-700": Object {
    "color": "#0e7490",
  },
  "color-cyan-800": Object {
    "color": "#155e75",
  },
  "color-cyan-900": Object {
    "color": "#164e63",
  },
  "color-emerald": Object {
    "color": "#10b981",
  },
  "color-emerald-100": Object {
    "color": "#d1fae5",
  },
  "color-emerald-200": Object {
    "color": "#a7f3d0",
  },
  "color-emerald-300": Object {
    "color": "#6ee7b7",
  },
  "color-emerald-400": Object {
    "color": "#34d399",
  },
  "color-emerald-50": Object {
    "color": "#ecfdf5",
  },
  "color-emerald-500": Object {
    "color": "#10b981",
  },
  "color-emerald-600": Object {
    "color": "#059669",
  },
  "color-emerald-700": Object {
    "color": "#047857",
  },
  "color-emerald-800": Object {
    "color": "#065f46",
  },
  "color-emerald-900": Object {
    "color": "#064e3b",
  },
  "color-fuchsia": Object {
    "color": "#d946ef",
  },
  "color-fuchsia-100": Object {
    "color": "#fae8ff",
  },
  "color-fuchsia-200": Object {
    "color": "#f5d0fe",
  },
  "color-fuchsia-300": Object {
    "color": "#f0abfc",
  },
  "color-fuchsia-400": Object {
    "color": "#e879f9",
  },
  "color-fuchsia-50": Object {
    "color": "#fdf4ff",
  },
  "color-fuchsia-500": Object {
    "color": "#d946ef",
  },
  "color-fuchsia-600": Object {
    "color": "#c026d3",
  },
  "color-fuchsia-700": Object {
    "color": "#a21caf",
  },
  "color-fuchsia-800": Object {
    "color": "#86198f",
  },
  "color-fuchsia-900": Object {
    "color": "#701a75",
  },
  "color-gray": Object {
    "color": "#6b7280",
  },
  "color-gray-100": Object {
    "color": "#f3f4f6",
  },
  "color-gray-200": Object {
    "color": "#e5e7eb",
  },
  "color-gray-300": Object {
    "color": "#d1d5db",
  },
  "color-gray-400": Object {
    "color": "#9ca3af",
  },
  "color-gray-50": Object {
    "color": "#f9fafb",
  },
  "color-gray-500": Object {
    "color": "#6b7280",
  },
  "color-gray-600": Object {
    "color": "#4b5563",
  },
  "color-gray-700": Object {
    "color": "#374151",
  },
  "color-gray-800": Object {
    "color": "#1f2937",
  },
  "color-gray-900": Object {
    "color": "#111827",
  },
  "color-green": Object {
    "color": "#22c55e",
  },
  "color-green-100": Object {
    "color": "#dcfce7",
  },
  "color-green-200": Object {
    "color": "#bbf7d0",
  },
  "color-green-300": Object {
    "color": "#86efac",
  },
  "color-green-400": Object {
    "color": "#4ade80",
  },
  "color-green-50": Object {
    "color": "#f0fdf4",
  },
  "color-green-500": Object {
    "color": "#22c55e",
  },
  "color-green-600": Object {
    "color": "#16a34a",
  },
  "color-green-700": Object {
    "color": "#15803d",
  },
  "color-green-800": Object {
    "color": "#166534",
  },
  "color-green-900": Object {
    "color": "#14532d",
  },
  "color-indigo": Object {
    "color": "#6366f1",
  },
  "color-indigo-100": Object {
    "color": "#e0e7ff",
  },
  "color-indigo-200": Object {
    "color": "#c7d2fe",
  },
  "color-indigo-300": Object {
    "color": "#a5b4fc",
  },
  "color-indigo-400": Object {
    "color": "#818cf8",
  },
  "color-indigo-50": Object {
    "color": "#eef2ff",
  },
  "color-indigo-500": Object {
    "color": "#6366f1",
  },
  "color-indigo-600": Object {
    "color": "#4f46e5",
  },
  "color-indigo-700": Object {
    "color": "#4338ca",
  },
  "color-indigo-800": Object {
    "color": "#3730a3",
  },
  "color-indigo-900": Object {
    "color": "#312e81",
  },
  "color-lightBlue": Object {
    "color": "#0ea5e9",
  },
  "color-lightBlue-100": Object {
    "color": "#e0f2fe",
  },
  "color-lightBlue-200": Object {
    "color": "#bae6fd",
  },
  "color-lightBlue-300": Object {
    "color": "#7dd3fc",
  },
  "color-lightBlue-400": Object {
    "color": "#38bdf8",
  },
  "color-lightBlue-50": Object {
    "color": "#f0f9ff",
  },
  "color-lightBlue-500": Object {
    "color": "#0ea5e9",
  },
  "color-lightBlue-600": Object {
    "color": "#0284c7",
  },
  "color-lightBlue-700": Object {
    "color": "#0369a1",
  },
  "color-lightBlue-800": Object {
    "color": "#075985",
  },
  "color-lightBlue-900": Object {
    "color": "#0c4a6e",
  },
  "color-lime": Object {
    "color": "#84cc16",
  },
  "color-lime-100": Object {
    "color": "#ecfccb",
  },
  "color-lime-200": Object {
    "color": "#d9f99d",
  },
  "color-lime-300": Object {
    "color": "#bef264",
  },
  "color-lime-400": Object {
    "color": "#a3e635",
  },
  "color-lime-50": Object {
    "color": "#f7fee7",
  },
  "color-lime-500": Object {
    "color": "#84cc16",
  },
  "color-lime-600": Object {
    "color": "#65a30d",
  },
  "color-lime-700": Object {
    "color": "#4d7c0f",
  },
  "color-lime-800": Object {
    "color": "#3f6212",
  },
  "color-lime-900": Object {
    "color": "#365314",
  },
  "color-orange": Object {
    "color": "#f97316",
  },
  "color-orange-100": Object {
    "color": "#ffedd5",
  },
  "color-orange-200": Object {
    "color": "#fed7aa",
  },
  "color-orange-300": Object {
    "color": "#fdba74",
  },
  "color-orange-400": Object {
    "color": "#fb923c",
  },
  "color-orange-50": Object {
    "color": "#fff7ed",
  },
  "color-orange-500": Object {
    "color": "#f97316",
  },
  "color-orange-600": Object {
    "color": "#ea580c",
  },
  "color-orange-700": Object {
    "color": "#c2410c",
  },
  "color-orange-800": Object {
    "color": "#9a3412",
  },
  "color-orange-900": Object {
    "color": "#7c2d12",
  },
  "color-pink": Object {
    "color": "#ec4899",
  },
  "color-pink-100": Object {
    "color": "#fce7f3",
  },
  "color-pink-200": Object {
    "color": "#fbcfe8",
  },
  "color-pink-300": Object {
    "color": "#f9a8d4",
  },
  "color-pink-400": Object {
    "color": "#f472b6",
  },
  "color-pink-50": Object {
    "color": "#fdf2f8",
  },
  "color-pink-500": Object {
    "color": "#ec4899",
  },
  "color-pink-600": Object {
    "color": "#db2777",
  },
  "color-pink-700": Object {
    "color": "#be185d",
  },
  "color-pink-800": Object {
    "color": "#9d174d",
  },
  "color-pink-900": Object {
    "color": "#831843",
  },
  "color-purple": Object {
    "color": "#8b5cf6",
  },
  "color-purple-100": Object {
    "color": "#ede9fe",
  },
  "color-purple-200": Object {
    "color": "#ddd6fe",
  },
  "color-purple-300": Object {
    "color": "#c4b5fd",
  },
  "color-purple-400": Object {
    "color": "#a78bfa",
  },
  "color-purple-50": Object {
    "color": "#f5f3ff",
  },
  "color-purple-500": Object {
    "color": "#8b5cf6",
  },
  "color-purple-600": Object {
    "color": "#7c3aed",
  },
  "color-purple-700": Object {
    "color": "#6d28d9",
  },
  "color-purple-800": Object {
    "color": "#5b21b6",
  },
  "color-purple-900": Object {
    "color": "#4c1d95",
  },
  "color-red": Object {
    "color": "#ef4444",
  },
  "color-red-100": Object {
    "color": "#fee2e2",
  },
  "color-red-200": Object {
    "color": "#fecaca",
  },
  "color-red-300": Object {
    "color": "#fca5a5",
  },
  "color-red-400": Object {
    "color": "#f87171",
  },
  "color-red-50": Object {
    "color": "#fef2f2",
  },
  "color-red-500": Object {
    "color": "#ef4444",
  },
  "color-red-600": Object {
    "color": "#dc2626",
  },
  "color-red-700": Object {
    "color": "#b91c1c",
  },
  "color-red-800": Object {
    "color": "#991b1b",
  },
  "color-red-900": Object {
    "color": "#7f1d1d",
  },
  "color-rose": Object {
    "color": "#f43f5e",
  },
  "color-rose-100": Object {
    "color": "#ffe4e6",
  },
  "color-rose-200": Object {
    "color": "#fecdd3",
  },
  "color-rose-300": Object {
    "color": "#fda4af",
  },
  "color-rose-400": Object {
    "color": "#fb7185",
  },
  "color-rose-50": Object {
    "color": "#fff1f2",
  },
  "color-rose-500": Object {
    "color": "#f43f5e",
  },
  "color-rose-600": Object {
    "color": "#e11d48",
  },
  "color-rose-700": Object {
    "color": "#be123c",
  },
  "color-rose-800": Object {
    "color": "#9f1239",
  },
  "color-rose-900": Object {
    "color": "#881337",
  },
  "color-teal": Object {
    "color": "#14b8a6",
  },
  "color-teal-100": Object {
    "color": "#ccfbf1",
  },
  "color-teal-200": Object {
    "color": "#99f6e4",
  },
  "color-teal-300": Object {
    "color": "#5eead4",
  },
  "color-teal-400": Object {
    "color": "#2dd4bf",
  },
  "color-teal-50": Object {
    "color": "#f0fdfa",
  },
  "color-teal-500": Object {
    "color": "#14b8a6",
  },
  "color-teal-600": Object {
    "color": "#0d9488",
  },
  "color-teal-700": Object {
    "color": "#0f766e",
  },
  "color-teal-800": Object {
    "color": "#115e59",
  },
  "color-teal-900": Object {
    "color": "#134e4a",
  },
  "color-transparent": Object {
    "color": "transparent",
  },
  "color-trueGray": Object {
    "color": "#737373",
  },
  "color-trueGray-100": Object {
    "color": "#f5f5f5",
  },
  "color-trueGray-200": Object {
    "color": "#e5e5e5",
  },
  "color-trueGray-300": Object {
    "color": "#d4d4d4",
  },
  "color-trueGray-400": Object {
    "color": "#a3a3a3",
  },
  "color-trueGray-50": Object {
    "color": "#fafafa",
  },
  "color-trueGray-500": Object {
    "color": "#737373",
  },
  "color-trueGray-600": Object {
    "color": "#525252",
  },
  "color-trueGray-700": Object {
    "color": "#404040",
  },
  "color-trueGray-800": Object {
    "color": "#262626",
  },
  "color-trueGray-900": Object {
    "color": "#171717",
  },
  "color-violet": Object {
    "color": "#8b5cf6",
  },
  "color-violet-100": Object {
    "color": "#ede9fe",
  },
  "color-violet-200": Object {
    "color": "#ddd6fe",
  },
  "color-violet-300": Object {
    "color": "#c4b5fd",
  },
  "color-violet-400": Object {
    "color": "#a78bfa",
  },
  "color-violet-50": Object {
    "color": "#f5f3ff",
  },
  "color-violet-500": Object {
    "color": "#8b5cf6",
  },
  "color-violet-600": Object {
    "color": "#7c3aed",
  },
  "color-violet-700": Object {
    "color": "#6d28d9",
  },
  "color-violet-800": Object {
    "color": "#5b21b6",
  },
  "color-violet-900": Object {
    "color": "#4c1d95",
  },
  "color-warmGray": Object {
    "color": "#78716c",
  },
  "color-warmGray-100": Object {
    "color": "#f5f5f4",
  },
  "color-warmGray-200": Object {
    "color": "#e7e5e4",
  },
  "color-warmGray-300": Object {
    "color": "#d6d3d1",
  },
  "color-warmGray-400": Object {
    "color": "#a8a29e",
  },
  "color-warmGray-50": Object {
    "color": "#fafaf9",
  },
  "color-warmGray-500": Object {
    "color": "#78716c",
  },
  "color-warmGray-600": Object {
    "color": "#57534e",
  },
  "color-warmGray-700": Object {
    "color": "#44403c",
  },
  "color-warmGray-800": Object {
    "color": "#292524",
  },
  "color-warmGray-900": Object {
    "color": "#1c1917",
  },
  "color-white": Object {
    "color": "#fff",
  },
  "color-yellow": Object {
    "color": "#f59e0b",
  },
  "color-yellow-100": Object {
    "color": "#fef3c7",
  },
  "color-yellow-200": Object {
    "color": "#fde68a",
  },
  "color-yellow-300": Object {
    "color": "#fcd34d",
  },
  "color-yellow-400": Object {
    "color": "#fbbf24",
  },
  "color-yellow-50": Object {
    "color": "#fffbeb",
  },
  "color-yellow-500": Object {
    "color": "#f59e0b",
  },
  "color-yellow-600": Object {
    "color": "#d97706",
  },
  "color-yellow-700": Object {
    "color": "#b45309",
  },
  "color-yellow-800": Object {
    "color": "#92400e",
  },
  "color-yellow-900": Object {
    "color": "#78350f",
  },
  "line-line-through": Object {
    "textDecorationLine": "line-through",
  },
  "line-none": Object {
    "textDecorationLine": "none",
  },
  "line-underline": Object {
    "textDecorationLine": "underline",
  },
  "line-underline line-through": Object {
    "textDecorationLine": "underline line-through",
  },
  "text-2xl": Object {
    "fontSize": 24,
    "lineHeight": 32,
  },
  "text-3xl": Object {
    "fontSize": 30,
    "lineHeight": 36,
  },
  "text-4xl": Object {
    "fontSize": 36,
    "lineHeight": 40,
  },
  "text-base": Object {
    "fontSize": 16,
    "lineHeight": 24,
  },
  "text-lg": Object {
    "fontSize": 18,
    "lineHeight": 28,
  },
  "text-sm": Object {
    "fontSize": 14,
    "lineHeight": 20,
  },
  "text-xl": Object {
    "fontSize": 20,
    "lineHeight": 28,
  },
  "text-xs": Object {
    "fontSize": 12,
    "lineHeight": 16,
  },
  "transform-capitalize": Object {
    "textTransform": "capitalize",
  },
  "transform-lowercase": Object {
    "textTransform": "lowercase",
  },
  "transform-none": Object {
    "textTransform": "none",
  },
  "transform-uppercase": Object {
    "textTransform": "uppercase",
  },
}
`;
